

================================================================
== Vitis HLS Report for 'AxiStream2Mat'
================================================================
* Date:           Sun Jul 21 20:36:50 2024

* Version:        2024.1 (Build 5069499 on May 21 2024)
* Project:        xf_cv_subtract
* Solution:       hls (Vivado IP Flow Target)
* Product family: zynq
* Target device:  xc7z020-clg400-1


================================================================
== Performance Estimates
================================================================
+ Timing: 
    * Summary: 
    +--------+----------+----------+------------+
    |  Clock |  Target  | Estimated| Uncertainty|
    +--------+----------+----------+------------+
    |ap_clk  |  10.00 ns|  6.811 ns|     2.70 ns|
    +--------+----------+----------+------------+

+ Latency: 
    * Summary: 
    +---------+---------+-----------+-----------+---------+---------+----------+
    |  Latency (cycles) |   Latency (absolute)  |      Interval     | Pipeline |
    |   min   |   max   |    min    |    max    |   min   |   max   |   Type   |
    +---------+---------+-----------+-----------+---------+---------+----------+
    |  4147205|  4147205|  41.472 ms|  41.472 ms|  4147202|  4147202|  dataflow|
    +---------+---------+-----------+-----------+---------+---------+----------+

    + Detail: 
        * Instance: 
        +--------------------------+-------------------------+---------+---------+-----------+-----------+---------+---------+-----------------------------------------------+
        |                          |                         |  Latency (cycles) |   Latency (absolute)  |      Interval     |                    Pipeline                   |
        |         Instance         |          Module         |   min   |   max   |    min    |    max    |   min   |   max   |                      Type                     |
        +--------------------------+-------------------------+---------+---------+-----------+-----------+---------+---------+-----------------------------------------------+
        |AxiStream2MatStream_2_U0  |AxiStream2MatStream_2_s  |  4147205|  4147205|  41.472 ms|  41.472 ms|  4147202|  4147202|  loop auto-rewind stp(delay=2 clock cycles(s))|
        +--------------------------+-------------------------+---------+---------+-----------+-----------+---------+---------+-----------------------------------------------+

        * Loop: 
        N/A



================================================================
== Utilization Estimates
================================================================
* Summary: 
+-----------------+---------+-----+--------+-------+-----+
|       Name      | BRAM_18K| DSP |   FF   |  LUT  | URAM|
+-----------------+---------+-----+--------+-------+-----+
|DSP              |        -|    -|       -|      -|    -|
|Expression       |        -|    -|       -|      -|    -|
|FIFO             |        -|    -|       -|      -|    -|
|Instance         |        -|    -|     479|   1642|    -|
|Memory           |        -|    -|       -|      -|    -|
|Multiplexer      |        -|    -|       -|      -|    -|
|Register         |        -|    -|       -|      -|    -|
+-----------------+---------+-----+--------+-------+-----+
|Total            |        0|    0|     479|   1642|    0|
+-----------------+---------+-----+--------+-------+-----+
|Available        |      280|  220|  106400|  53200|    0|
+-----------------+---------+-----+--------+-------+-----+
|Utilization (%)  |        0|    0|      ~0|      3|    0|
+-----------------+---------+-----+--------+-------+-----+

+ Detail: 
    * Instance: 
    +--------------------------+-------------------------+---------+----+-----+------+-----+
    |         Instance         |          Module         | BRAM_18K| DSP|  FF |  LUT | URAM|
    +--------------------------+-------------------------+---------+----+-----+------+-----+
    |AxiStream2MatStream_2_U0  |AxiStream2MatStream_2_s  |        0|   0|  479|  1642|    0|
    +--------------------------+-------------------------+---------+----+-----+------+-----+
    |Total                     |                         |        0|   0|  479|  1642|    0|
    +--------------------------+-------------------------+---------+----+-----+------+-----+

    * DSP: 
    N/A

    * Memory: 
    N/A

    * FIFO: 
    N/A

    * Expression: 
    N/A

    * Multiplexer: 
    N/A

    * Register: 
    N/A



================================================================
== Interface
================================================================
* Summary: 
+-----------------------+-----+-----+------------+----------------+--------------+
|       RTL Ports       | Dir | Bits|  Protocol  |  Source Object |    C Type    |
+-----------------------+-----+-----+------------+----------------+--------------+
|ldata_dout             |   in|   32|     ap_fifo|           ldata|       pointer|
|ldata_empty_n          |   in|    1|     ap_fifo|           ldata|       pointer|
|ldata_read             |  out|    1|     ap_fifo|           ldata|       pointer|
|imgInput1_data_din     |  out|   24|     ap_fifo|  imgInput1_data|       pointer|
|imgInput1_data_full_n  |   in|    1|     ap_fifo|  imgInput1_data|       pointer|
|imgInput1_data_write   |  out|    1|     ap_fifo|  imgInput1_data|       pointer|
|ap_clk                 |   in|    1|  ap_ctrl_hs|   AxiStream2Mat|  return value|
|ap_rst                 |   in|    1|  ap_ctrl_hs|   AxiStream2Mat|  return value|
|ap_start               |   in|    1|  ap_ctrl_hs|   AxiStream2Mat|  return value|
|ap_done                |  out|    1|  ap_ctrl_hs|   AxiStream2Mat|  return value|
|ap_ready               |  out|    1|  ap_ctrl_hs|   AxiStream2Mat|  return value|
|ap_idle                |  out|    1|  ap_ctrl_hs|   AxiStream2Mat|  return value|
|ap_continue            |   in|    1|  ap_ctrl_hs|   AxiStream2Mat|  return value|
+-----------------------+-----+-----+------------+----------------+--------------+

