

================================================================
== Vitis HLS Report for 'subtract_0_16_1920_1080_1_2_2_2_s'
================================================================
* Date:           Sun Jul 21 20:36:52 2024

* Version:        2024.1 (Build 5069499 on May 21 2024)
* Project:        xf_cv_subtract
* Solution:       hls (Vivado IP Flow Target)
* Product family: zynq
* Target device:  xc7z020-clg400-1


================================================================
== Performance Estimates
================================================================
+ Timing: 
    * Summary: 
    +--------+----------+----------+------------+
    |  Clock |  Target  | Estimated| Uncertainty|
    +--------+----------+----------+------------+
    |ap_clk  |  10.00 ns|  6.797 ns|     2.70 ns|
    +--------+----------+----------+------------+

+ Latency: 
    * Summary: 
    +---------+---------+-----------+-----------+---------+---------+---------+
    |  Latency (cycles) |   Latency (absolute)  |      Interval     | Pipeline|
    |   min   |   max   |    min    |    max    |   min   |   max   |   Type  |
    +---------+---------+-----------+-----------+---------+---------+---------+
    |  2083201|  2083201|  20.832 ms|  20.832 ms|  2083201|  2083201|       no|
    +---------+---------+-----------+-----------+---------+---------+---------+

    + Detail: 
        * Instance: 
        +------------------------------------------------------------+--------------------------------------------------+---------+---------+-----------+-----------+------+------+-----------------------------------------------+
        |                                                            |                                                  |  Latency (cycles) |   Latency (absolute)  |   Interval  |                    Pipeline                   |
        |                          Instance                          |                      Module                      |   min   |   max   |    min    |    max    |  min |  max |                      Type                     |
        +------------------------------------------------------------+--------------------------------------------------+---------+---------+-----------+-----------+------+------+-----------------------------------------------+
        |grp_subtract_0_16_1920_1080_1_2_2_2_Pipeline_colLoop_fu_40  |subtract_0_16_1920_1080_1_2_2_2_Pipeline_colLoop  |     1083|     1083|  10.830 us|  10.830 us|  1081|  1081|  loop auto-rewind stp(delay=0 clock cycles(s))|
        +------------------------------------------------------------+--------------------------------------------------+---------+---------+-----------+-----------+------+------+-----------------------------------------------+

        * Loop: 
        +-----------+---------+---------+----------+-----------+-----------+------+----------+
        |           |  Latency (cycles) | Iteration|  Initiation Interval  | Trip |          |
        | Loop Name |   min   |   max   |  Latency |  achieved |   target  | Count| Pipelined|
        +-----------+---------+---------+----------+-----------+-----------+------+----------+
        |- rowLoop  |  2083200|  2083200|      1085|          -|          -|  1920|        no|
        +-----------+---------+---------+----------+-----------+-----------+------+----------+



================================================================
== Utilization Estimates
================================================================
* Summary: 
+-----------------+---------+-----+--------+-------+-----+
|       Name      | BRAM_18K| DSP |   FF   |  LUT  | URAM|
+-----------------+---------+-----+--------+-------+-----+
|DSP              |        -|    -|       -|      -|    -|
|Expression       |        -|    -|       0|     26|    -|
|FIFO             |        -|    -|       -|      -|    -|
|Instance         |        -|    -|      40|    159|    -|
|Memory           |        -|    -|       -|      -|    -|
|Multiplexer      |        -|    -|       0|     65|    -|
|Register         |        -|    -|      16|      -|    -|
+-----------------+---------+-----+--------+-------+-----+
|Total            |        0|    0|      56|    250|    0|
+-----------------+---------+-----+--------+-------+-----+
|Available        |      280|  220|  106400|  53200|    0|
+-----------------+---------+-----+--------+-------+-----+
|Utilization (%)  |        0|    0|      ~0|     ~0|    0|
+-----------------+---------+-----+--------+-------+-----+

+ Detail: 
    * Instance: 
    +------------------------------------------------------------+--------------------------------------------------+---------+----+----+-----+-----+
    |                          Instance                          |                      Module                      | BRAM_18K| DSP| FF | LUT | URAM|
    +------------------------------------------------------------+--------------------------------------------------+---------+----+----+-----+-----+
    |grp_subtract_0_16_1920_1080_1_2_2_2_Pipeline_colLoop_fu_40  |subtract_0_16_1920_1080_1_2_2_2_Pipeline_colLoop  |        0|   0|  40|  159|    0|
    +------------------------------------------------------------+--------------------------------------------------+---------+----+----+-----+-----+
    |Total                                                       |                                                  |        0|   0|  40|  159|    0|
    +------------------------------------------------------------+--------------------------------------------------+---------+----+----+-----+-----+

    * DSP: 
    N/A

    * Memory: 
    N/A

    * FIFO: 
    N/A

    * Expression: 
    +---------------------+----------+----+---+----+------------+------------+
    |    Variable Name    | Operation| DSP| FF| LUT| Bitwidth P0| Bitwidth P1|
    +---------------------+----------+----+---+----+------------+------------+
    |i_2_fu_64_p2         |         +|   0|  0|  12|          11|           1|
    |icmp_ln820_fu_58_p2  |      icmp|   0|  0|  12|          11|           9|
    |ap_block_state1      |        or|   0|  0|   2|           1|           1|
    +---------------------+----------+----+---+----+------------+------------+
    |Total                |          |   0|  0|  26|          23|          11|
    +---------------------+----------+----+---+----+------------+------------+

    * Multiplexer: 
    +----------------------+----+-----------+-----+-----------+
    |         Name         | LUT| Input Size| Bits| Total Bits|
    +----------------------+----+-----------+-----+-----------+
    |ap_NS_fsm             |  20|          4|    1|          4|
    |ap_done               |   9|          2|    1|          2|
    |i_fu_36               |   9|          2|   11|         22|
    |imgInput1_data_read   |   9|          2|    1|          2|
    |imgInput2_data_read   |   9|          2|    1|          2|
    |imgOutput_data_write  |   9|          2|    1|          2|
    +----------------------+----+-----------+-----+-----------+
    |Total                 |  65|         14|   16|         34|
    +----------------------+----+-----------+-----+-----------+

    * Register: 
    +-------------------------------------------------------------------------+----+----+-----+-----------+
    |                                   Name                                  | FF | LUT| Bits| Const Bits|
    +-------------------------------------------------------------------------+----+----+-----+-----------+
    |ap_CS_fsm                                                                |   3|   0|    3|          0|
    |ap_done_reg                                                              |   1|   0|    1|          0|
    |grp_subtract_0_16_1920_1080_1_2_2_2_Pipeline_colLoop_fu_40_ap_start_reg  |   1|   0|    1|          0|
    |i_fu_36                                                                  |  11|   0|   11|          0|
    +-------------------------------------------------------------------------+----+----+-----+-----------+
    |Total                                                                    |  16|   0|   16|          0|
    +-------------------------------------------------------------------------+----+----+-----+-----------+



================================================================
== Interface
================================================================
* Summary: 
+-------------------------------+-----+-----+------------+-----------------------------------------+--------------+
|           RTL Ports           | Dir | Bits|  Protocol  |              Source Object              |    C Type    |
+-------------------------------+-----+-----+------------+-----------------------------------------+--------------+
|ap_clk                         |   in|    1|  ap_ctrl_hs|  subtract<0, 16, 1920, 1080, 1, 2, 2, 2>|  return value|
|ap_rst                         |   in|    1|  ap_ctrl_hs|  subtract<0, 16, 1920, 1080, 1, 2, 2, 2>|  return value|
|ap_start                       |   in|    1|  ap_ctrl_hs|  subtract<0, 16, 1920, 1080, 1, 2, 2, 2>|  return value|
|ap_done                        |  out|    1|  ap_ctrl_hs|  subtract<0, 16, 1920, 1080, 1, 2, 2, 2>|  return value|
|ap_continue                    |   in|    1|  ap_ctrl_hs|  subtract<0, 16, 1920, 1080, 1, 2, 2, 2>|  return value|
|ap_idle                        |  out|    1|  ap_ctrl_hs|  subtract<0, 16, 1920, 1080, 1, 2, 2, 2>|  return value|
|ap_ready                       |  out|    1|  ap_ctrl_hs|  subtract<0, 16, 1920, 1080, 1, 2, 2, 2>|  return value|
|imgInput1_data_dout            |   in|   24|     ap_fifo|                           imgInput1_data|       pointer|
|imgInput1_data_num_data_valid  |   in|    3|     ap_fifo|                           imgInput1_data|       pointer|
|imgInput1_data_fifo_cap        |   in|    3|     ap_fifo|                           imgInput1_data|       pointer|
|imgInput1_data_empty_n         |   in|    1|     ap_fifo|                           imgInput1_data|       pointer|
|imgInput1_data_read            |  out|    1|     ap_fifo|                           imgInput1_data|       pointer|
|imgInput2_data_dout            |   in|   24|     ap_fifo|                           imgInput2_data|       pointer|
|imgInput2_data_num_data_valid  |   in|    3|     ap_fifo|                           imgInput2_data|       pointer|
|imgInput2_data_fifo_cap        |   in|    3|     ap_fifo|                           imgInput2_data|       pointer|
|imgInput2_data_empty_n         |   in|    1|     ap_fifo|                           imgInput2_data|       pointer|
|imgInput2_data_read            |  out|    1|     ap_fifo|                           imgInput2_data|       pointer|
|imgOutput_data_din             |  out|   24|     ap_fifo|                           imgOutput_data|       pointer|
|imgOutput_data_num_data_valid  |   in|    3|     ap_fifo|                           imgOutput_data|       pointer|
|imgOutput_data_fifo_cap        |   in|    3|     ap_fifo|                           imgOutput_data|       pointer|
|imgOutput_data_full_n          |   in|    1|     ap_fifo|                           imgOutput_data|       pointer|
|imgOutput_data_write           |  out|    1|     ap_fifo|                           imgOutput_data|       pointer|
+-------------------------------+-----+-----+------------+-----------------------------------------+--------------+

