#-----------------------------------------------------------
# Vivado v2024.1 (64-bit)
# SW Build 5076996 on Wed May 22 18:37:14 MDT 2024
# IP Build 5075265 on Wed May 22 21:45:21 MDT 2024
# SharedData Build 5076995 on Wed May 22 18:29:18 MDT 2024
# Start of session at: Wed Jul 24 13:32:53 2024
# Process ID: 7948
# Current directory: D:/design_project-code/SmartSentry2/camera_fw/vivado/camera_hw/camera_hw.runs/camera_design_axi_iic_0_0_synth_1
# Command line: vivado.exe -log camera_design_axi_iic_0_0.vds -product Vivado -mode batch -messageDb vivado.pb -notrace -source camera_design_axi_iic_0_0.tcl
# Log file: D:/design_project-code/SmartSentry2/camera_fw/vivado/camera_hw/camera_hw.runs/camera_design_axi_iic_0_0_synth_1/camera_design_axi_iic_0_0.vds
# Journal file: D:/design_project-code/SmartSentry2/camera_fw/vivado/camera_hw/camera_hw.runs/camera_design_axi_iic_0_0_synth_1\vivado.jou
# Running On        :LAPTOP-PEAR
# Platform          :Windows Server 2016 or Windows 10
# Operating System  :19045
# Processor Detail  :11th Gen Intel(R) Core(TM) i7-11850H @ 2.50GHz
# CPU Frequency     :2496 MHz
# CPU Physical cores:8
# CPU Logical cores :16
# Host memory       :34048 MB
# Swap memory       :13421 MB
# Total Virtual     :47470 MB
# Available Virtual :23894 MB
#-----------------------------------------------------------
source camera_design_axi_iic_0_0.tcl -notrace
