#-----------------------------------------------------------
# Vivado v2024.1 (64-bit)
# SW Build 5076996 on Wed May 22 18:37:14 MDT 2024
# IP Build 5075265 on Wed May 22 21:45:21 MDT 2024
# SharedData Build 5076995 on Wed May 22 18:29:18 MDT 2024
# Start of session at: Sun Jul 21 21:00:23 2024
# Process ID: 33716
# Current directory: D:/design_project-code/SmartSentry/camera_fw/vitis/subtract_test/xf_cv_subtract/hls/impl/ip
# Command line: vivado.exe -notrace -mode batch -source run_ippack.tcl
# Log file: D:/design_project-code/SmartSentry/camera_fw/vitis/subtract_test/xf_cv_subtract/hls/impl/ip/vivado.log
# Journal file: D:/design_project-code/SmartSentry/camera_fw/vitis/subtract_test/xf_cv_subtract/hls/impl/ip\vivado.jou
# Running On        :LAPTOP-PEAR
# Platform          :Windows Server 2016 or Windows 10
# Operating System  :19045
# Processor Detail  :11th Gen Intel(R) Core(TM) i7-11850H @ 2.50GHz
# CPU Frequency     :2496 MHz
# CPU Physical cores:8
# CPU Logical cores :16
# Host memory       :34048 MB
# Swap memory       :13967 MB
# Total Virtual     :48015 MB
# Available Virtual :8025 MB
#-----------------------------------------------------------
source run_ippack.tcl -notrace
